 100 x-points  
 100 y-points
 100 z-points


 Aspect Ratio                =  1.0000000    
 Width  Ratio                =  1.0000000    
 Reynolds number             =  100.00000    
 driving angle               =  0.0000000    



 Initial time step             = 0.10000000E-02
 Time interval                 =  5.0000000    
 Maximal number of iterations  = 9000
 Print step                    =  100
 Precision                     = 0.10000000E-09



          X mesh

 i=  0  X=  0.000      Hx12= 0.9901E-02  X12=  0.000      HPx= 0.4950E-02
 i=  1  X= 0.9901E-02  Hx12= 0.9901E-02  X12= 0.4950E-02  HPx= 0.9901E-02
 i=  2  X= 0.1980E-01  Hx12= 0.9901E-02  X12= 0.1485E-01  HPx= 0.9901E-02
 i=  3  X= 0.2970E-01  Hx12= 0.9901E-02  X12= 0.2475E-01  HPx= 0.9901E-02
 i=  4  X= 0.3960E-01  Hx12= 0.9901E-02  X12= 0.3465E-01  HPx= 0.9901E-02
 i=  5  X= 0.4950E-01  Hx12= 0.9901E-02  X12= 0.4455E-01  HPx= 0.9901E-02
 i=  6  X= 0.5941E-01  Hx12= 0.9901E-02  X12= 0.5446E-01  HPx= 0.9901E-02
 i=  7  X= 0.6931E-01  Hx12= 0.9901E-02  X12= 0.6436E-01  HPx= 0.9901E-02
 i=  8  X= 0.7921E-01  Hx12= 0.9901E-02  X12= 0.7426E-01  HPx= 0.9901E-02
 i=  9  X= 0.8911E-01  Hx12= 0.9901E-02  X12= 0.8416E-01  HPx= 0.9901E-02
 i= 10  X= 0.9901E-01  Hx12= 0.9901E-02  X12= 0.9406E-01  HPx= 0.9901E-02
 i= 11  X= 0.1089      Hx12= 0.9901E-02  X12= 0.1040      HPx= 0.9901E-02
 i= 12  X= 0.1188      Hx12= 0.9901E-02  X12= 0.1139      HPx= 0.9901E-02
 i= 13  X= 0.1287      Hx12= 0.9901E-02  X12= 0.1238      HPx= 0.9901E-02
 i= 14  X= 0.1386      Hx12= 0.9901E-02  X12= 0.1337      HPx= 0.9901E-02
 i= 15  X= 0.1485      Hx12= 0.9901E-02  X12= 0.1436      HPx= 0.9901E-02
 i= 16  X= 0.1584      Hx12= 0.9901E-02  X12= 0.1535      HPx= 0.9901E-02
 i= 17  X= 0.1683      Hx12= 0.9901E-02  X12= 0.1634      HPx= 0.9901E-02
 i= 18  X= 0.1782      Hx12= 0.9901E-02  X12= 0.1733      HPx= 0.9901E-02
 i= 19  X= 0.1881      Hx12= 0.9901E-02  X12= 0.1832      HPx= 0.9901E-02
 i= 20  X= 0.1980      Hx12= 0.9901E-02  X12= 0.1931      HPx= 0.9901E-02
 i= 21  X= 0.2079      Hx12= 0.9901E-02  X12= 0.2030      HPx= 0.9901E-02
 i= 22  X= 0.2178      Hx12= 0.9901E-02  X12= 0.2129      HPx= 0.9901E-02
 i= 23  X= 0.2277      Hx12= 0.9901E-02  X12= 0.2228      HPx= 0.9901E-02
 i= 24  X= 0.2376      Hx12= 0.9901E-02  X12= 0.2327      HPx= 0.9901E-02
 i= 25  X= 0.2475      Hx12= 0.9901E-02  X12= 0.2426      HPx= 0.9901E-02
 i= 26  X= 0.2574      Hx12= 0.9901E-02  X12= 0.2525      HPx= 0.9901E-02
 i= 27  X= 0.2673      Hx12= 0.9901E-02  X12= 0.2624      HPx= 0.9901E-02
 i= 28  X= 0.2772      Hx12= 0.9901E-02  X12= 0.2723      HPx= 0.9901E-02
 i= 29  X= 0.2871      Hx12= 0.9901E-02  X12= 0.2822      HPx= 0.9901E-02
 i= 30  X= 0.2970      Hx12= 0.9901E-02  X12= 0.2921      HPx= 0.9901E-02
 i= 31  X= 0.3069      Hx12= 0.9901E-02  X12= 0.3020      HPx= 0.9901E-02
 i= 32  X= 0.3168      Hx12= 0.9901E-02  X12= 0.3119      HPx= 0.9901E-02
 i= 33  X= 0.3267      Hx12= 0.9901E-02  X12= 0.3218      HPx= 0.9901E-02
 i= 34  X= 0.3366      Hx12= 0.9901E-02  X12= 0.3317      HPx= 0.9901E-02
 i= 35  X= 0.3465      Hx12= 0.9901E-02  X12= 0.3416      HPx= 0.9901E-02
 i= 36  X= 0.3564      Hx12= 0.9901E-02  X12= 0.3515      HPx= 0.9901E-02
 i= 37  X= 0.3663      Hx12= 0.9901E-02  X12= 0.3614      HPx= 0.9901E-02
 i= 38  X= 0.3762      Hx12= 0.9901E-02  X12= 0.3713      HPx= 0.9901E-02
 i= 39  X= 0.3861      Hx12= 0.9901E-02  X12= 0.3812      HPx= 0.9901E-02
 i= 40  X= 0.3960      Hx12= 0.9901E-02  X12= 0.3911      HPx= 0.9901E-02
 i= 41  X= 0.4059      Hx12= 0.9901E-02  X12= 0.4010      HPx= 0.9901E-02
 i= 42  X= 0.4158      Hx12= 0.9901E-02  X12= 0.4109      HPx= 0.9901E-02
 i= 43  X= 0.4257      Hx12= 0.9901E-02  X12= 0.4208      HPx= 0.9901E-02
 i= 44  X= 0.4356      Hx12= 0.9901E-02  X12= 0.4307      HPx= 0.9901E-02
 i= 45  X= 0.4455      Hx12= 0.9901E-02  X12= 0.4406      HPx= 0.9901E-02
 i= 46  X= 0.4554      Hx12= 0.9901E-02  X12= 0.4505      HPx= 0.9901E-02
 i= 47  X= 0.4653      Hx12= 0.9901E-02  X12= 0.4604      HPx= 0.9901E-02
 i= 48  X= 0.4752      Hx12= 0.9901E-02  X12= 0.4703      HPx= 0.9901E-02
 i= 49  X= 0.4851      Hx12= 0.9901E-02  X12= 0.4802      HPx= 0.9901E-02
 i= 50  X= 0.4950      Hx12= 0.9901E-02  X12= 0.4901      HPx= 0.9901E-02
 i= 51  X= 0.5050      Hx12= 0.9901E-02  X12= 0.5000      HPx= 0.9901E-02
 i= 52  X= 0.5149      Hx12= 0.9901E-02  X12= 0.5099      HPx= 0.9901E-02
 i= 53  X= 0.5248      Hx12= 0.9901E-02  X12= 0.5198      HPx= 0.9901E-02
 i= 54  X= 0.5347      Hx12= 0.9901E-02  X12= 0.5297      HPx= 0.9901E-02
 i= 55  X= 0.5446      Hx12= 0.9901E-02  X12= 0.5396      HPx= 0.9901E-02
 i= 56  X= 0.5545      Hx12= 0.9901E-02  X12= 0.5495      HPx= 0.9901E-02
 i= 57  X= 0.5644      Hx12= 0.9901E-02  X12= 0.5594      HPx= 0.9901E-02
 i= 58  X= 0.5743      Hx12= 0.9901E-02  X12= 0.5693      HPx= 0.9901E-02
 i= 59  X= 0.5842      Hx12= 0.9901E-02  X12= 0.5792      HPx= 0.9901E-02
 i= 60  X= 0.5941      Hx12= 0.9901E-02  X12= 0.5891      HPx= 0.9901E-02
 i= 61  X= 0.6040      Hx12= 0.9901E-02  X12= 0.5990      HPx= 0.9901E-02
 i= 62  X= 0.6139      Hx12= 0.9901E-02  X12= 0.6089      HPx= 0.9901E-02
 i= 63  X= 0.6238      Hx12= 0.9901E-02  X12= 0.6188      HPx= 0.9901E-02
 i= 64  X= 0.6337      Hx12= 0.9901E-02  X12= 0.6287      HPx= 0.9901E-02
 i= 65  X= 0.6436      Hx12= 0.9901E-02  X12= 0.6386      HPx= 0.9901E-02
 i= 66  X= 0.6535      Hx12= 0.9901E-02  X12= 0.6485      HPx= 0.9901E-02
 i= 67  X= 0.6634      Hx12= 0.9901E-02  X12= 0.6584      HPx= 0.9901E-02
 i= 68  X= 0.6733      Hx12= 0.9901E-02  X12= 0.6683      HPx= 0.9901E-02
 i= 69  X= 0.6832      Hx12= 0.9901E-02  X12= 0.6782      HPx= 0.9901E-02
 i= 70  X= 0.6931      Hx12= 0.9901E-02  X12= 0.6881      HPx= 0.9901E-02
 i= 71  X= 0.7030      Hx12= 0.9901E-02  X12= 0.6980      HPx= 0.9901E-02
 i= 72  X= 0.7129      Hx12= 0.9901E-02  X12= 0.7079      HPx= 0.9901E-02
 i= 73  X= 0.7228      Hx12= 0.9901E-02  X12= 0.7178      HPx= 0.9901E-02
 i= 74  X= 0.7327      Hx12= 0.9901E-02  X12= 0.7277      HPx= 0.9901E-02
 i= 75  X= 0.7426      Hx12= 0.9901E-02  X12= 0.7376      HPx= 0.9901E-02
 i= 76  X= 0.7525      Hx12= 0.9901E-02  X12= 0.7475      HPx= 0.9901E-02
 i= 77  X= 0.7624      Hx12= 0.9901E-02  X12= 0.7574      HPx= 0.9901E-02
 i= 78  X= 0.7723      Hx12= 0.9901E-02  X12= 0.7673      HPx= 0.9901E-02
 i= 79  X= 0.7822      Hx12= 0.9901E-02  X12= 0.7772      HPx= 0.9901E-02
 i= 80  X= 0.7921      Hx12= 0.9901E-02  X12= 0.7871      HPx= 0.9901E-02
 i= 81  X= 0.8020      Hx12= 0.9901E-02  X12= 0.7970      HPx= 0.9901E-02
 i= 82  X= 0.8119      Hx12= 0.9901E-02  X12= 0.8069      HPx= 0.9901E-02
 i= 83  X= 0.8218      Hx12= 0.9901E-02  X12= 0.8168      HPx= 0.9901E-02
 i= 84  X= 0.8317      Hx12= 0.9901E-02  X12= 0.8267      HPx= 0.9901E-02
 i= 85  X= 0.8416      Hx12= 0.9901E-02  X12= 0.8366      HPx= 0.9901E-02
 i= 86  X= 0.8515      Hx12= 0.9901E-02  X12= 0.8465      HPx= 0.9901E-02
 i= 87  X= 0.8614      Hx12= 0.9901E-02  X12= 0.8564      HPx= 0.9901E-02
 i= 88  X= 0.8713      Hx12= 0.9901E-02  X12= 0.8663      HPx= 0.9901E-02
 i= 89  X= 0.8812      Hx12= 0.9901E-02  X12= 0.8762      HPx= 0.9901E-02
 i= 90  X= 0.8911      Hx12= 0.9901E-02  X12= 0.8861      HPx= 0.9901E-02
 i= 91  X= 0.9010      Hx12= 0.9901E-02  X12= 0.8960      HPx= 0.9901E-02
 i= 92  X= 0.9109      Hx12= 0.9901E-02  X12= 0.9059      HPx= 0.9901E-02
 i= 93  X= 0.9208      Hx12= 0.9901E-02  X12= 0.9158      HPx= 0.9901E-02
 i= 94  X= 0.9307      Hx12= 0.9901E-02  X12= 0.9257      HPx= 0.9901E-02
 i= 95  X= 0.9406      Hx12= 0.9901E-02  X12= 0.9356      HPx= 0.9901E-02
 i= 96  X= 0.9505      Hx12= 0.9901E-02  X12= 0.9455      HPx= 0.9901E-02
 i= 97  X= 0.9604      Hx12= 0.9901E-02  X12= 0.9554      HPx= 0.9901E-02
 i= 98  X= 0.9703      Hx12= 0.9901E-02  X12= 0.9653      HPx= 0.9901E-02
 i= 99  X= 0.9802      Hx12= 0.9901E-02  X12= 0.9752      HPx= 0.9901E-02
 i=100  X= 0.9901      Hx12= 0.9901E-02  X12= 0.9851      HPx= 0.9901E-02
 i=101  X=  1.000                        X12= 0.9950      HPx= 0.4950E-02
 i=102                                   X12=  1.000    


          Y mesh
 i=  0  Y=  0.000      Hy12= 0.9901E-02  Y12=  0.000      HPy= 0.4950E-02
 i=  1  Y= 0.9901E-02  Hy12= 0.9901E-02  Y12= 0.4950E-02  HPy= 0.9901E-02
 i=  2  Y= 0.1980E-01  Hy12= 0.9901E-02  Y12= 0.1485E-01  HPy= 0.9901E-02
 i=  3  Y= 0.2970E-01  Hy12= 0.9901E-02  Y12= 0.2475E-01  HPy= 0.9901E-02
 i=  4  Y= 0.3960E-01  Hy12= 0.9901E-02  Y12= 0.3465E-01  HPy= 0.9901E-02
 i=  5  Y= 0.4950E-01  Hy12= 0.9901E-02  Y12= 0.4455E-01  HPy= 0.9901E-02
 i=  6  Y= 0.5941E-01  Hy12= 0.9901E-02  Y12= 0.5446E-01  HPy= 0.9901E-02
 i=  7  Y= 0.6931E-01  Hy12= 0.9901E-02  Y12= 0.6436E-01  HPy= 0.9901E-02
 i=  8  Y= 0.7921E-01  Hy12= 0.9901E-02  Y12= 0.7426E-01  HPy= 0.9901E-02
 i=  9  Y= 0.8911E-01  Hy12= 0.9901E-02  Y12= 0.8416E-01  HPy= 0.9901E-02
 i= 10  Y= 0.9901E-01  Hy12= 0.9901E-02  Y12= 0.9406E-01  HPy= 0.9901E-02
 i= 11  Y= 0.1089      Hy12= 0.9901E-02  Y12= 0.1040      HPy= 0.9901E-02
 i= 12  Y= 0.1188      Hy12= 0.9901E-02  Y12= 0.1139      HPy= 0.9901E-02
 i= 13  Y= 0.1287      Hy12= 0.9901E-02  Y12= 0.1238      HPy= 0.9901E-02
 i= 14  Y= 0.1386      Hy12= 0.9901E-02  Y12= 0.1337      HPy= 0.9901E-02
 i= 15  Y= 0.1485      Hy12= 0.9901E-02  Y12= 0.1436      HPy= 0.9901E-02
 i= 16  Y= 0.1584      Hy12= 0.9901E-02  Y12= 0.1535      HPy= 0.9901E-02
 i= 17  Y= 0.1683      Hy12= 0.9901E-02  Y12= 0.1634      HPy= 0.9901E-02
 i= 18  Y= 0.1782      Hy12= 0.9901E-02  Y12= 0.1733      HPy= 0.9901E-02
 i= 19  Y= 0.1881      Hy12= 0.9901E-02  Y12= 0.1832      HPy= 0.9901E-02
 i= 20  Y= 0.1980      Hy12= 0.9901E-02  Y12= 0.1931      HPy= 0.9901E-02
 i= 21  Y= 0.2079      Hy12= 0.9901E-02  Y12= 0.2030      HPy= 0.9901E-02
 i= 22  Y= 0.2178      Hy12= 0.9901E-02  Y12= 0.2129      HPy= 0.9901E-02
 i= 23  Y= 0.2277      Hy12= 0.9901E-02  Y12= 0.2228      HPy= 0.9901E-02
 i= 24  Y= 0.2376      Hy12= 0.9901E-02  Y12= 0.2327      HPy= 0.9901E-02
 i= 25  Y= 0.2475      Hy12= 0.9901E-02  Y12= 0.2426      HPy= 0.9901E-02
 i= 26  Y= 0.2574      Hy12= 0.9901E-02  Y12= 0.2525      HPy= 0.9901E-02
 i= 27  Y= 0.2673      Hy12= 0.9901E-02  Y12= 0.2624      HPy= 0.9901E-02
 i= 28  Y= 0.2772      Hy12= 0.9901E-02  Y12= 0.2723      HPy= 0.9901E-02
 i= 29  Y= 0.2871      Hy12= 0.9901E-02  Y12= 0.2822      HPy= 0.9901E-02
 i= 30  Y= 0.2970      Hy12= 0.9901E-02  Y12= 0.2921      HPy= 0.9901E-02
 i= 31  Y= 0.3069      Hy12= 0.9901E-02  Y12= 0.3020      HPy= 0.9901E-02
 i= 32  Y= 0.3168      Hy12= 0.9901E-02  Y12= 0.3119      HPy= 0.9901E-02
 i= 33  Y= 0.3267      Hy12= 0.9901E-02  Y12= 0.3218      HPy= 0.9901E-02
 i= 34  Y= 0.3366      Hy12= 0.9901E-02  Y12= 0.3317      HPy= 0.9901E-02
 i= 35  Y= 0.3465      Hy12= 0.9901E-02  Y12= 0.3416      HPy= 0.9901E-02
 i= 36  Y= 0.3564      Hy12= 0.9901E-02  Y12= 0.3515      HPy= 0.9901E-02
 i= 37  Y= 0.3663      Hy12= 0.9901E-02  Y12= 0.3614      HPy= 0.9901E-02
 i= 38  Y= 0.3762      Hy12= 0.9901E-02  Y12= 0.3713      HPy= 0.9901E-02
 i= 39  Y= 0.3861      Hy12= 0.9901E-02  Y12= 0.3812      HPy= 0.9901E-02
 i= 40  Y= 0.3960      Hy12= 0.9901E-02  Y12= 0.3911      HPy= 0.9901E-02
 i= 41  Y= 0.4059      Hy12= 0.9901E-02  Y12= 0.4010      HPy= 0.9901E-02
 i= 42  Y= 0.4158      Hy12= 0.9901E-02  Y12= 0.4109      HPy= 0.9901E-02
 i= 43  Y= 0.4257      Hy12= 0.9901E-02  Y12= 0.4208      HPy= 0.9901E-02
 i= 44  Y= 0.4356      Hy12= 0.9901E-02  Y12= 0.4307      HPy= 0.9901E-02
 i= 45  Y= 0.4455      Hy12= 0.9901E-02  Y12= 0.4406      HPy= 0.9901E-02
 i= 46  Y= 0.4554      Hy12= 0.9901E-02  Y12= 0.4505      HPy= 0.9901E-02
 i= 47  Y= 0.4653      Hy12= 0.9901E-02  Y12= 0.4604      HPy= 0.9901E-02
 i= 48  Y= 0.4752      Hy12= 0.9901E-02  Y12= 0.4703      HPy= 0.9901E-02
 i= 49  Y= 0.4851      Hy12= 0.9901E-02  Y12= 0.4802      HPy= 0.9901E-02
 i= 50  Y= 0.4950      Hy12= 0.9901E-02  Y12= 0.4901      HPy= 0.9901E-02
 i= 51  Y= 0.5050      Hy12= 0.9901E-02  Y12= 0.5000      HPy= 0.9901E-02
 i= 52  Y= 0.5149      Hy12= 0.9901E-02  Y12= 0.5099      HPy= 0.9901E-02
 i= 53  Y= 0.5248      Hy12= 0.9901E-02  Y12= 0.5198      HPy= 0.9901E-02
 i= 54  Y= 0.5347      Hy12= 0.9901E-02  Y12= 0.5297      HPy= 0.9901E-02
 i= 55  Y= 0.5446      Hy12= 0.9901E-02  Y12= 0.5396      HPy= 0.9901E-02
 i= 56  Y= 0.5545      Hy12= 0.9901E-02  Y12= 0.5495      HPy= 0.9901E-02
 i= 57  Y= 0.5644      Hy12= 0.9901E-02  Y12= 0.5594      HPy= 0.9901E-02
 i= 58  Y= 0.5743      Hy12= 0.9901E-02  Y12= 0.5693      HPy= 0.9901E-02
 i= 59  Y= 0.5842      Hy12= 0.9901E-02  Y12= 0.5792      HPy= 0.9901E-02
 i= 60  Y= 0.5941      Hy12= 0.9901E-02  Y12= 0.5891      HPy= 0.9901E-02
 i= 61  Y= 0.6040      Hy12= 0.9901E-02  Y12= 0.5990      HPy= 0.9901E-02
 i= 62  Y= 0.6139      Hy12= 0.9901E-02  Y12= 0.6089      HPy= 0.9901E-02
 i= 63  Y= 0.6238      Hy12= 0.9901E-02  Y12= 0.6188      HPy= 0.9901E-02
 i= 64  Y= 0.6337      Hy12= 0.9901E-02  Y12= 0.6287      HPy= 0.9901E-02
 i= 65  Y= 0.6436      Hy12= 0.9901E-02  Y12= 0.6386      HPy= 0.9901E-02
 i= 66  Y= 0.6535      Hy12= 0.9901E-02  Y12= 0.6485      HPy= 0.9901E-02
 i= 67  Y= 0.6634      Hy12= 0.9901E-02  Y12= 0.6584      HPy= 0.9901E-02
 i= 68  Y= 0.6733      Hy12= 0.9901E-02  Y12= 0.6683      HPy= 0.9901E-02
 i= 69  Y= 0.6832      Hy12= 0.9901E-02  Y12= 0.6782      HPy= 0.9901E-02
 i= 70  Y= 0.6931      Hy12= 0.9901E-02  Y12= 0.6881      HPy= 0.9901E-02
 i= 71  Y= 0.7030      Hy12= 0.9901E-02  Y12= 0.6980      HPy= 0.9901E-02
 i= 72  Y= 0.7129      Hy12= 0.9901E-02  Y12= 0.7079      HPy= 0.9901E-02
 i= 73  Y= 0.7228      Hy12= 0.9901E-02  Y12= 0.7178      HPy= 0.9901E-02
 i= 74  Y= 0.7327      Hy12= 0.9901E-02  Y12= 0.7277      HPy= 0.9901E-02
 i= 75  Y= 0.7426      Hy12= 0.9901E-02  Y12= 0.7376      HPy= 0.9901E-02
 i= 76  Y= 0.7525      Hy12= 0.9901E-02  Y12= 0.7475      HPy= 0.9901E-02
 i= 77  Y= 0.7624      Hy12= 0.9901E-02  Y12= 0.7574      HPy= 0.9901E-02
 i= 78  Y= 0.7723      Hy12= 0.9901E-02  Y12= 0.7673      HPy= 0.9901E-02
 i= 79  Y= 0.7822      Hy12= 0.9901E-02  Y12= 0.7772      HPy= 0.9901E-02
 i= 80  Y= 0.7921      Hy12= 0.9901E-02  Y12= 0.7871      HPy= 0.9901E-02
 i= 81  Y= 0.8020      Hy12= 0.9901E-02  Y12= 0.7970      HPy= 0.9901E-02
 i= 82  Y= 0.8119      Hy12= 0.9901E-02  Y12= 0.8069      HPy= 0.9901E-02
 i= 83  Y= 0.8218      Hy12= 0.9901E-02  Y12= 0.8168      HPy= 0.9901E-02
 i= 84  Y= 0.8317      Hy12= 0.9901E-02  Y12= 0.8267      HPy= 0.9901E-02
 i= 85  Y= 0.8416      Hy12= 0.9901E-02  Y12= 0.8366      HPy= 0.9901E-02
 i= 86  Y= 0.8515      Hy12= 0.9901E-02  Y12= 0.8465      HPy= 0.9901E-02
 i= 87  Y= 0.8614      Hy12= 0.9901E-02  Y12= 0.8564      HPy= 0.9901E-02
 i= 88  Y= 0.8713      Hy12= 0.9901E-02  Y12= 0.8663      HPy= 0.9901E-02
 i= 89  Y= 0.8812      Hy12= 0.9901E-02  Y12= 0.8762      HPy= 0.9901E-02
 i= 90  Y= 0.8911      Hy12= 0.9901E-02  Y12= 0.8861      HPy= 0.9901E-02
 i= 91  Y= 0.9010      Hy12= 0.9901E-02  Y12= 0.8960      HPy= 0.9901E-02
 i= 92  Y= 0.9109      Hy12= 0.9901E-02  Y12= 0.9059      HPy= 0.9901E-02
 i= 93  Y= 0.9208      Hy12= 0.9901E-02  Y12= 0.9158      HPy= 0.9901E-02
 i= 94  Y= 0.9307      Hy12= 0.9901E-02  Y12= 0.9257      HPy= 0.9901E-02
 i= 95  Y= 0.9406      Hy12= 0.9901E-02  Y12= 0.9356      HPy= 0.9901E-02
 i= 96  Y= 0.9505      Hy12= 0.9901E-02  Y12= 0.9455      HPy= 0.9901E-02
 i= 97  Y= 0.9604      Hy12= 0.9901E-02  Y12= 0.9554      HPy= 0.9901E-02
 i= 98  Y= 0.9703      Hy12= 0.9901E-02  Y12= 0.9653      HPy= 0.9901E-02
 i= 99  Y= 0.9802      Hy12= 0.9901E-02  Y12= 0.9752      HPy= 0.9901E-02
 i=100  Y= 0.9901      Hy12= 0.9901E-02  Y12= 0.9851      HPy= 0.9901E-02
 i=101  Y=  1.000                        Y12= 0.9950      HPy= 0.4950E-02
 i=102                                   Y12=  1.000    


          Z mesh
 i=  0  Y=  0.000      Hy12= 0.9901E-02  Y12=  0.000      HPy= 0.4950E-02
 i=  1  Y= 0.9901E-02  Hy12= 0.9901E-02  Y12= 0.4950E-02  HPy= 0.9901E-02
 i=  2  Y= 0.1980E-01  Hy12= 0.9901E-02  Y12= 0.1485E-01  HPy= 0.9901E-02
 i=  3  Y= 0.2970E-01  Hy12= 0.9901E-02  Y12= 0.2475E-01  HPy= 0.9901E-02
 i=  4  Y= 0.3960E-01  Hy12= 0.9901E-02  Y12= 0.3465E-01  HPy= 0.9901E-02
 i=  5  Y= 0.4950E-01  Hy12= 0.9901E-02  Y12= 0.4455E-01  HPy= 0.9901E-02
 i=  6  Y= 0.5941E-01  Hy12= 0.9901E-02  Y12= 0.5446E-01  HPy= 0.9901E-02
 i=  7  Y= 0.6931E-01  Hy12= 0.9901E-02  Y12= 0.6436E-01  HPy= 0.9901E-02
 i=  8  Y= 0.7921E-01  Hy12= 0.9901E-02  Y12= 0.7426E-01  HPy= 0.9901E-02
 i=  9  Y= 0.8911E-01  Hy12= 0.9901E-02  Y12= 0.8416E-01  HPy= 0.9901E-02
 i= 10  Y= 0.9901E-01  Hy12= 0.9901E-02  Y12= 0.9406E-01  HPy= 0.9901E-02
 i= 11  Y= 0.1089      Hy12= 0.9901E-02  Y12= 0.1040      HPy= 0.9901E-02
 i= 12  Y= 0.1188      Hy12= 0.9901E-02  Y12= 0.1139      HPy= 0.9901E-02
 i= 13  Y= 0.1287      Hy12= 0.9901E-02  Y12= 0.1238      HPy= 0.9901E-02
 i= 14  Y= 0.1386      Hy12= 0.9901E-02  Y12= 0.1337      HPy= 0.9901E-02
 i= 15  Y= 0.1485      Hy12= 0.9901E-02  Y12= 0.1436      HPy= 0.9901E-02
 i= 16  Y= 0.1584      Hy12= 0.9901E-02  Y12= 0.1535      HPy= 0.9901E-02
 i= 17  Y= 0.1683      Hy12= 0.9901E-02  Y12= 0.1634      HPy= 0.9901E-02
 i= 18  Y= 0.1782      Hy12= 0.9901E-02  Y12= 0.1733      HPy= 0.9901E-02
 i= 19  Y= 0.1881      Hy12= 0.9901E-02  Y12= 0.1832      HPy= 0.9901E-02
 i= 20  Y= 0.1980      Hy12= 0.9901E-02  Y12= 0.1931      HPy= 0.9901E-02
 i= 21  Y= 0.2079      Hy12= 0.9901E-02  Y12= 0.2030      HPy= 0.9901E-02
 i= 22  Y= 0.2178      Hy12= 0.9901E-02  Y12= 0.2129      HPy= 0.9901E-02
 i= 23  Y= 0.2277      Hy12= 0.9901E-02  Y12= 0.2228      HPy= 0.9901E-02
 i= 24  Y= 0.2376      Hy12= 0.9901E-02  Y12= 0.2327      HPy= 0.9901E-02
 i= 25  Y= 0.2475      Hy12= 0.9901E-02  Y12= 0.2426      HPy= 0.9901E-02
 i= 26  Y= 0.2574      Hy12= 0.9901E-02  Y12= 0.2525      HPy= 0.9901E-02
 i= 27  Y= 0.2673      Hy12= 0.9901E-02  Y12= 0.2624      HPy= 0.9901E-02
 i= 28  Y= 0.2772      Hy12= 0.9901E-02  Y12= 0.2723      HPy= 0.9901E-02
 i= 29  Y= 0.2871      Hy12= 0.9901E-02  Y12= 0.2822      HPy= 0.9901E-02
 i= 30  Y= 0.2970      Hy12= 0.9901E-02  Y12= 0.2921      HPy= 0.9901E-02
 i= 31  Y= 0.3069      Hy12= 0.9901E-02  Y12= 0.3020      HPy= 0.9901E-02
 i= 32  Y= 0.3168      Hy12= 0.9901E-02  Y12= 0.3119      HPy= 0.9901E-02
 i= 33  Y= 0.3267      Hy12= 0.9901E-02  Y12= 0.3218      HPy= 0.9901E-02
 i= 34  Y= 0.3366      Hy12= 0.9901E-02  Y12= 0.3317      HPy= 0.9901E-02
 i= 35  Y= 0.3465      Hy12= 0.9901E-02  Y12= 0.3416      HPy= 0.9901E-02
 i= 36  Y= 0.3564      Hy12= 0.9901E-02  Y12= 0.3515      HPy= 0.9901E-02
 i= 37  Y= 0.3663      Hy12= 0.9901E-02  Y12= 0.3614      HPy= 0.9901E-02
 i= 38  Y= 0.3762      Hy12= 0.9901E-02  Y12= 0.3713      HPy= 0.9901E-02
 i= 39  Y= 0.3861      Hy12= 0.9901E-02  Y12= 0.3812      HPy= 0.9901E-02
 i= 40  Y= 0.3960      Hy12= 0.9901E-02  Y12= 0.3911      HPy= 0.9901E-02
 i= 41  Y= 0.4059      Hy12= 0.9901E-02  Y12= 0.4010      HPy= 0.9901E-02
 i= 42  Y= 0.4158      Hy12= 0.9901E-02  Y12= 0.4109      HPy= 0.9901E-02
 i= 43  Y= 0.4257      Hy12= 0.9901E-02  Y12= 0.4208      HPy= 0.9901E-02
 i= 44  Y= 0.4356      Hy12= 0.9901E-02  Y12= 0.4307      HPy= 0.9901E-02
 i= 45  Y= 0.4455      Hy12= 0.9901E-02  Y12= 0.4406      HPy= 0.9901E-02
 i= 46  Y= 0.4554      Hy12= 0.9901E-02  Y12= 0.4505      HPy= 0.9901E-02
 i= 47  Y= 0.4653      Hy12= 0.9901E-02  Y12= 0.4604      HPy= 0.9901E-02
 i= 48  Y= 0.4752      Hy12= 0.9901E-02  Y12= 0.4703      HPy= 0.9901E-02
 i= 49  Y= 0.4851      Hy12= 0.9901E-02  Y12= 0.4802      HPy= 0.9901E-02
 i= 50  Y= 0.4950      Hy12= 0.9901E-02  Y12= 0.4901      HPy= 0.9901E-02
 i= 51  Y= 0.5050      Hy12= 0.9901E-02  Y12= 0.5000      HPy= 0.9901E-02
 i= 52  Y= 0.5149      Hy12= 0.9901E-02  Y12= 0.5099      HPy= 0.9901E-02
 i= 53  Y= 0.5248      Hy12= 0.9901E-02  Y12= 0.5198      HPy= 0.9901E-02
 i= 54  Y= 0.5347      Hy12= 0.9901E-02  Y12= 0.5297      HPy= 0.9901E-02
 i= 55  Y= 0.5446      Hy12= 0.9901E-02  Y12= 0.5396      HPy= 0.9901E-02
 i= 56  Y= 0.5545      Hy12= 0.9901E-02  Y12= 0.5495      HPy= 0.9901E-02
 i= 57  Y= 0.5644      Hy12= 0.9901E-02  Y12= 0.5594      HPy= 0.9901E-02
 i= 58  Y= 0.5743      Hy12= 0.9901E-02  Y12= 0.5693      HPy= 0.9901E-02
 i= 59  Y= 0.5842      Hy12= 0.9901E-02  Y12= 0.5792      HPy= 0.9901E-02
 i= 60  Y= 0.5941      Hy12= 0.9901E-02  Y12= 0.5891      HPy= 0.9901E-02
 i= 61  Y= 0.6040      Hy12= 0.9901E-02  Y12= 0.5990      HPy= 0.9901E-02
 i= 62  Y= 0.6139      Hy12= 0.9901E-02  Y12= 0.6089      HPy= 0.9901E-02
 i= 63  Y= 0.6238      Hy12= 0.9901E-02  Y12= 0.6188      HPy= 0.9901E-02
 i= 64  Y= 0.6337      Hy12= 0.9901E-02  Y12= 0.6287      HPy= 0.9901E-02
 i= 65  Y= 0.6436      Hy12= 0.9901E-02  Y12= 0.6386      HPy= 0.9901E-02
 i= 66  Y= 0.6535      Hy12= 0.9901E-02  Y12= 0.6485      HPy= 0.9901E-02
 i= 67  Y= 0.6634      Hy12= 0.9901E-02  Y12= 0.6584      HPy= 0.9901E-02
 i= 68  Y= 0.6733      Hy12= 0.9901E-02  Y12= 0.6683      HPy= 0.9901E-02
 i= 69  Y= 0.6832      Hy12= 0.9901E-02  Y12= 0.6782      HPy= 0.9901E-02
 i= 70  Y= 0.6931      Hy12= 0.9901E-02  Y12= 0.6881      HPy= 0.9901E-02
 i= 71  Y= 0.7030      Hy12= 0.9901E-02  Y12= 0.6980      HPy= 0.9901E-02
 i= 72  Y= 0.7129      Hy12= 0.9901E-02  Y12= 0.7079      HPy= 0.9901E-02
 i= 73  Y= 0.7228      Hy12= 0.9901E-02  Y12= 0.7178      HPy= 0.9901E-02
 i= 74  Y= 0.7327      Hy12= 0.9901E-02  Y12= 0.7277      HPy= 0.9901E-02
 i= 75  Y= 0.7426      Hy12= 0.9901E-02  Y12= 0.7376      HPy= 0.9901E-02
 i= 76  Y= 0.7525      Hy12= 0.9901E-02  Y12= 0.7475      HPy= 0.9901E-02
 i= 77  Y= 0.7624      Hy12= 0.9901E-02  Y12= 0.7574      HPy= 0.9901E-02
 i= 78  Y= 0.7723      Hy12= 0.9901E-02  Y12= 0.7673      HPy= 0.9901E-02
 i= 79  Y= 0.7822      Hy12= 0.9901E-02  Y12= 0.7772      HPy= 0.9901E-02
 i= 80  Y= 0.7921      Hy12= 0.9901E-02  Y12= 0.7871      HPy= 0.9901E-02
 i= 81  Y= 0.8020      Hy12= 0.9901E-02  Y12= 0.7970      HPy= 0.9901E-02
 i= 82  Y= 0.8119      Hy12= 0.9901E-02  Y12= 0.8069      HPy= 0.9901E-02
 i= 83  Y= 0.8218      Hy12= 0.9901E-02  Y12= 0.8168      HPy= 0.9901E-02
 i= 84  Y= 0.8317      Hy12= 0.9901E-02  Y12= 0.8267      HPy= 0.9901E-02
 i= 85  Y= 0.8416      Hy12= 0.9901E-02  Y12= 0.8366      HPy= 0.9901E-02
 i= 86  Y= 0.8515      Hy12= 0.9901E-02  Y12= 0.8465      HPy= 0.9901E-02
 i= 87  Y= 0.8614      Hy12= 0.9901E-02  Y12= 0.8564      HPy= 0.9901E-02
 i= 88  Y= 0.8713      Hy12= 0.9901E-02  Y12= 0.8663      HPy= 0.9901E-02
 i= 89  Y= 0.8812      Hy12= 0.9901E-02  Y12= 0.8762      HPy= 0.9901E-02
 i= 90  Y= 0.8911      Hy12= 0.9901E-02  Y12= 0.8861      HPy= 0.9901E-02
 i= 91  Y= 0.9010      Hy12= 0.9901E-02  Y12= 0.8960      HPy= 0.9901E-02
 i= 92  Y= 0.9109      Hy12= 0.9901E-02  Y12= 0.9059      HPy= 0.9901E-02
 i= 93  Y= 0.9208      Hy12= 0.9901E-02  Y12= 0.9158      HPy= 0.9901E-02
 i= 94  Y= 0.9307      Hy12= 0.9901E-02  Y12= 0.9257      HPy= 0.9901E-02
 i= 95  Y= 0.9406      Hy12= 0.9901E-02  Y12= 0.9356      HPy= 0.9901E-02
 i= 96  Y= 0.9505      Hy12= 0.9901E-02  Y12= 0.9455      HPy= 0.9901E-02
 i= 97  Y= 0.9604      Hy12= 0.9901E-02  Y12= 0.9554      HPy= 0.9901E-02
 i= 98  Y= 0.9703      Hy12= 0.9901E-02  Y12= 0.9653      HPy= 0.9901E-02
 i= 99  Y= 0.9802      Hy12= 0.9901E-02  Y12= 0.9752      HPy= 0.9901E-02
 i=100  Y= 0.9901      Hy12= 0.9901E-02  Y12= 0.9851      HPy= 0.9901E-02
 i=101  Y=  1.000                        Y12= 0.9950      HPy= 0.4950E-02
 i=102                                   Y12=  1.000    


  Istp=  100   Time Step= 0.1000E-02 Time= 0.10000000       End Time=  5.0000000    
  RNSx= 0.1827E-01  RNSy= 0.4480E-03  RNSz= 0.1057E-01  RDP= 0.3665E-01


  Istp=  200   Time Step= 0.1000E-02 Time= 0.20000000       End Time=  5.0000000    
  RNSx= 0.8741E-02  RNSy= 0.2171E-03  RNSz= 0.2819E-02  RDP= 0.1476E-01


  Istp=  300   Time Step= 0.1000E-02 Time= 0.30000000       End Time=  5.0000000    
  RNSx= 0.5104E-02  RNSy= 0.1492E-03  RNSz= 0.2468E-02  RDP= 0.8250E-02


  Istp=  400   Time Step= 0.1000E-02 Time= 0.40000000       End Time=  5.0000000    
