Read yaml solverToFortran.yaml
library C wrappers
namespace EigenBCGSolver
namespace ImEq
C c void initImmersedEq_d_i32(size_t gridHeight, size_t gridWidth, size_t gridDepth, bool leftIsNeumann, bool rightIsNeumann, bool topIsNeumann, bool bottomIsNeumann, bool frontIsNeumann, bool backIsNeumann, double leftVal, double rightVal, double topVal, double bottomVal, double frontVal, double backVal, bool isStaggered, size_t fSize +implied(size(f)), size_t nnzMaxB, double *p +intent(in)+rank(1), double *f +intent(in)+rank(1), double *dx +intent(in)+rank(1), double *dy +intent(in)+rank(1), double *dz +intent(in)+rank(1), double dt, bool uniformDeltaX, bool uniformDeltaY, bool uniformDeltaZ, double tolerance, size_t maxBCGIterations)
C f void initImmersedEq_d_i32(size_t gridHeight, size_t gridWidth, size_t gridDepth, bool leftIsNeumann, bool rightIsNeumann, bool topIsNeumann, bool bottomIsNeumann, bool frontIsNeumann, bool backIsNeumann, double leftVal, double rightVal, double topVal, double bottomVal, double frontVal, double backVal, bool isStaggered, size_t fSize +implied(size(f)), size_t nnzMaxB, double *p +intent(in)+rank(1), double *f +intent(in)+rank(1), double *dx +intent(in)+rank(1), double *dy +intent(in)+rank(1), double *dz +intent(in)+rank(1), double dt, bool uniformDeltaX, bool uniformDeltaY, bool uniformDeltaZ, double tolerance, size_t maxBCGIterations)
C c void initImmersedEq_s_i32(size_t gridHeight, size_t gridWidth, size_t gridDepth, bool leftIsNeumann, bool rightIsNeumann, bool topIsNeumann, bool bottomIsNeumann, bool frontIsNeumann, bool backIsNeumann, double leftVal, double rightVal, double topVal, double bottomVal, double frontVal, double backVal, bool isStaggered, size_t fSize +implied(size(f)), size_t nnzMaxB, float *p +intent(in)+rank(1), float *f +intent(in)+rank(1), float *dx +intent(in)+rank(1), float *dy +intent(in)+rank(1), float *dz +intent(in)+rank(1), double dt, bool uniformDeltaX, bool uniformDeltaY, bool uniformDeltaZ, double tolerance, size_t maxBCGIterations)
C f void initImmersedEq_s_i32(size_t gridHeight, size_t gridWidth, size_t gridDepth, bool leftIsNeumann, bool rightIsNeumann, bool topIsNeumann, bool bottomIsNeumann, bool frontIsNeumann, bool backIsNeumann, double leftVal, double rightVal, double topVal, double bottomVal, double frontVal, double backVal, bool isStaggered, size_t fSize +implied(size(f)), size_t nnzMaxB, float *p +intent(in)+rank(1), float *f +intent(in)+rank(1), float *dx +intent(in)+rank(1), float *dy +intent(in)+rank(1), float *dz +intent(in)+rank(1), double dt, bool uniformDeltaX, bool uniformDeltaY, bool uniformDeltaZ, double tolerance, size_t maxBCGIterations)
C c void initImmersedEq_d_i64(size_t gridHeight, size_t gridWidth, size_t gridDepth, bool leftIsNeumann, bool rightIsNeumann, bool topIsNeumann, bool bottomIsNeumann, bool frontIsNeumann, bool backIsNeumann, double leftVal, double rightVal, double topVal, double bottomVal, double frontVal, double backVal, bool isStaggered, size_t fSize +implied(size(f)), size_t nnzMaxB, double *p +intent(in)+rank(1), double *f +intent(in)+rank(1), double *dx +intent(in)+rank(1), double *dy +intent(in)+rank(1), double *dz +intent(in)+rank(1), double dt, bool uniformDeltaX, bool uniformDeltaY, bool uniformDeltaZ, double tolerance, size_t maxBCGIterations)
C f void initImmersedEq_d_i64(size_t gridHeight, size_t gridWidth, size_t gridDepth, bool leftIsNeumann, bool rightIsNeumann, bool topIsNeumann, bool bottomIsNeumann, bool frontIsNeumann, bool backIsNeumann, double leftVal, double rightVal, double topVal, double bottomVal, double frontVal, double backVal, bool isStaggered, size_t fSize +implied(size(f)), size_t nnzMaxB, double *p +intent(in)+rank(1), double *f +intent(in)+rank(1), double *dx +intent(in)+rank(1), double *dy +intent(in)+rank(1), double *dz +intent(in)+rank(1), double dt, bool uniformDeltaX, bool uniformDeltaY, bool uniformDeltaZ, double tolerance, size_t maxBCGIterations)
C c void initImmersedEq_s_i64(size_t gridHeight, size_t gridWidth, size_t gridDepth, bool leftIsNeumann, bool rightIsNeumann, bool topIsNeumann, bool bottomIsNeumann, bool frontIsNeumann, bool backIsNeumann, double leftVal, double rightVal, double topVal, double bottomVal, double frontVal, double backVal, bool isStaggered, size_t fSize +implied(size(f)), size_t nnzMaxB, float *p +intent(in)+rank(1), float *f +intent(in)+rank(1), float *dx +intent(in)+rank(1), float *dy +intent(in)+rank(1), float *dz +intent(in)+rank(1), double dt, bool uniformDeltaX, bool uniformDeltaY, bool uniformDeltaZ, double tolerance, size_t maxBCGIterations)
C f void initImmersedEq_s_i64(size_t gridHeight, size_t gridWidth, size_t gridDepth, bool leftIsNeumann, bool rightIsNeumann, bool topIsNeumann, bool bottomIsNeumann, bool frontIsNeumann, bool backIsNeumann, double leftVal, double rightVal, double topVal, double bottomVal, double frontVal, double backVal, bool isStaggered, size_t fSize +implied(size(f)), size_t nnzMaxB, float *p +intent(in)+rank(1), float *f +intent(in)+rank(1), float *dx +intent(in)+rank(1), float *dy +intent(in)+rank(1), float *dz +intent(in)+rank(1), double dt, bool uniformDeltaX, bool uniformDeltaY, bool uniformDeltaZ, double tolerance, size_t maxBCGIterations)
C c void solveImmersedEq_d_i32(double *result +intent(out)+rank(1), size_t nnzB, int32_t *rowOffsetsB +intent(in)+rank(1), int32_t *colIndsB +intent(in)+rank(1), double *valuesB +intent(in)+rank(1))
C f void solveImmersedEq_d_i32(double *result +intent(out)+rank(1), size_t nnzB, int32_t *rowOffsetsB +intent(in)+rank(1), int32_t *colIndsB +intent(in)+rank(1), double *valuesB +intent(in)+rank(1))
C c void solveImmersedEq_s_i32(float *result +intent(out)+rank(1), size_t nnzB, int32_t *rowOffsetsB +intent(in)+rank(1), int32_t *colIndsB +intent(in)+rank(1), float *valuesB +intent(in)+rank(1))
C f void solveImmersedEq_s_i32(float *result +intent(out)+rank(1), size_t nnzB, int32_t *rowOffsetsB +intent(in)+rank(1), int32_t *colIndsB +intent(in)+rank(1), float *valuesB +intent(in)+rank(1))
C c void solveImmersedEq_d_i64(double *result +intent(out)+rank(1), size_t nnzB, int64_t *rowOffsetsB +intent(in)+rank(1), int64_t *colIndsB +intent(in)+rank(1), double *valuesB +intent(in)+rank(1))
C f void solveImmersedEq_d_i64(double *result +intent(out)+rank(1), size_t nnzB, int64_t *rowOffsetsB +intent(in)+rank(1), int64_t *colIndsB +intent(in)+rank(1), double *valuesB +intent(in)+rank(1))
C c void solveImmersedEq_s_i64(float *result +intent(out)+rank(1), size_t nnzB, int64_t *rowOffsetsB +intent(in)+rank(1), int64_t *colIndsB +intent(in)+rank(1), float *valuesB +intent(in)+rank(1))
C f void solveImmersedEq_s_i64(float *result +intent(out)+rank(1), size_t nnzB, int64_t *rowOffsetsB +intent(in)+rank(1), int64_t *colIndsB +intent(in)+rank(1), float *valuesB +intent(in)+rank(1))
C c void solveImmersedEqPrimes_d_i32(double *resultPPrime +intent(out)+rank(1), double *resultFPrime +intent(out)+rank(1), size_t nnzB, int32_t *rowOffsetsB +intent(in)+rank(1), int32_t *colIndsB +intent(in)+rank(1), double *valuesB +intent(in)+rank(1), size_t nnzR, int32_t *colOffsetsR +intent(in)+rank(1), int32_t *rowIndsR +intent(in)+rank(1), double *valuesR +intent(in)+rank(1), double *UGamma +intent(in)+rank(1), double *uStar +intent(in)+rank(1))
C f void solveImmersedEqPrimes_d_i32(double *resultPPrime +intent(out)+rank(1), double *resultFPrime +intent(out)+rank(1), size_t nnzB, int32_t *rowOffsetsB +intent(in)+rank(1), int32_t *colIndsB +intent(in)+rank(1), double *valuesB +intent(in)+rank(1), size_t nnzR, int32_t *colOffsetsR +intent(in)+rank(1), int32_t *rowIndsR +intent(in)+rank(1), double *valuesR +intent(in)+rank(1), double *UGamma +intent(in)+rank(1), double *uStar +intent(in)+rank(1))
C c void solveImmersedEqPrimes_s_i32(float *resultPPrime +intent(out)+rank(1), float *resultFPrime +intent(out)+rank(1), size_t nnzB, int32_t *rowOffsetsB +intent(in)+rank(1), int32_t *colIndsB +intent(in)+rank(1), float *valuesB +intent(in)+rank(1), size_t nnzR, int32_t *colOffsetsR +intent(in)+rank(1), int32_t *rowIndsR +intent(in)+rank(1), float *valuesR +intent(in)+rank(1), float *UGamma +intent(in)+rank(1), float *uStar +intent(in)+rank(1))
C f void solveImmersedEqPrimes_s_i32(float *resultPPrime +intent(out)+rank(1), float *resultFPrime +intent(out)+rank(1), size_t nnzB, int32_t *rowOffsetsB +intent(in)+rank(1), int32_t *colIndsB +intent(in)+rank(1), float *valuesB +intent(in)+rank(1), size_t nnzR, int32_t *colOffsetsR +intent(in)+rank(1), int32_t *rowIndsR +intent(in)+rank(1), float *valuesR +intent(in)+rank(1), float *UGamma +intent(in)+rank(1), float *uStar +intent(in)+rank(1))
C c void solveImmersedEqPrimes_d_i64(double *resultPPrime +intent(out)+rank(1), double *resultFPrime +intent(out)+rank(1), size_t nnzB, int64_t *rowOffsetsB +intent(in)+rank(1), int64_t *colIndsB +intent(in)+rank(1), double *valuesB +intent(in)+rank(1), size_t nnzR, int64_t *colOffsetsR +intent(in)+rank(1), int64_t *rowIndsR +intent(in)+rank(1), double *valuesR +intent(in)+rank(1), double *UGamma +intent(in)+rank(1), double *uStar +intent(in)+rank(1))
C f void solveImmersedEqPrimes_d_i64(double *resultPPrime +intent(out)+rank(1), double *resultFPrime +intent(out)+rank(1), size_t nnzB, int64_t *rowOffsetsB +intent(in)+rank(1), int64_t *colIndsB +intent(in)+rank(1), double *valuesB +intent(in)+rank(1), size_t nnzR, int64_t *colOffsetsR +intent(in)+rank(1), int64_t *rowIndsR +intent(in)+rank(1), double *valuesR +intent(in)+rank(1), double *UGamma +intent(in)+rank(1), double *uStar +intent(in)+rank(1))
C c void solveImmersedEqPrimes_s_i64(float *resultPPrime +intent(out)+rank(1), float *resultFPrime +intent(out)+rank(1), size_t nnzB, int64_t *rowOffsetsB +intent(in)+rank(1), int64_t *colIndsB +intent(in)+rank(1), float *valuesB +intent(in)+rank(1), size_t nnzR, int64_t *colOffsetsR +intent(in)+rank(1), int64_t *rowIndsR +intent(in)+rank(1), float *valuesR +intent(in)+rank(1), float *UGamma +intent(in)+rank(1), float *uStar +intent(in)+rank(1))
C f void solveImmersedEqPrimes_s_i64(float *resultPPrime +intent(out)+rank(1), float *resultFPrime +intent(out)+rank(1), size_t nnzB, int64_t *rowOffsetsB +intent(in)+rank(1), int64_t *colIndsB +intent(in)+rank(1), float *valuesB +intent(in)+rank(1), size_t nnzR, int64_t *colOffsetsR +intent(in)+rank(1), int64_t *rowIndsR +intent(in)+rank(1), float *valuesR +intent(in)+rank(1), float *UGamma +intent(in)+rank(1), float *uStar +intent(in)+rank(1))
C c void finalizeImmersedEq_d_i32(void)
C f void finalizeImmersedEq_d_i32(void)
C c void finalizeImmersedEq_s_i32(void)
C f void finalizeImmersedEq_s_i32(void)
C c void finalizeImmersedEq_d_i64(void)
C f void finalizeImmersedEq_d_i64(void)
C c void finalizeImmersedEq_s_i64(void)
C f void finalizeImmersedEq_s_i64(void)
Close wrapEigenBCGSolver_ImEq.h
Close wrapEigenBCGSolver_ImEq.cpp
namespace eigen
C c size_t initEigenDecomp_d(size_t rows, size_t cols, size_t layers, double *dx +intent(in)+rank(1), double *dy +intent(in)+rank(1), double *dz +intent(in)+rank(1), bool uniformDeltaX, bool uniformDeltaY, bool uniformDeltaZ, bool leftIsNeumann, bool rightIsNeumann, bool topIsNeumann, bool bottomIsNeumann, bool frontIsNeumann, bool backIsNeumann, double leftVal, double rightVal, double topVal, double bottomVal, double frontVal, double backVal, bool isStaggered, bool thomas)
C f size_t initEigenDecomp_d(size_t rows, size_t cols, size_t layers, double *dx +intent(in)+rank(1), double *dy +intent(in)+rank(1), double *dz +intent(in)+rank(1), bool uniformDeltaX, bool uniformDeltaY, bool uniformDeltaZ, bool leftIsNeumann, bool rightIsNeumann, bool topIsNeumann, bool bottomIsNeumann, bool frontIsNeumann, bool backIsNeumann, double leftVal, double rightVal, double topVal, double bottomVal, double frontVal, double backVal, bool isStaggered, bool thomas)
C c size_t initEigenDecomp_s(size_t rows, size_t cols, size_t layers, float *dx +intent(in)+rank(1), float *dy +intent(in)+rank(1), float *dz +intent(in)+rank(1), bool uniformDeltaX, bool uniformDeltaY, bool uniformDeltaZ, bool leftIsNeumann, bool rightIsNeumann, bool topIsNeumann, bool bottomIsNeumann, bool frontIsNeumann, bool backIsNeumann, float leftVal, float rightVal, float topVal, float bottomVal, float frontVal, float backVal, bool isStaggered, bool thomas)
C f size_t initEigenDecomp_s(size_t rows, size_t cols, size_t layers, float *dx +intent(in)+rank(1), float *dy +intent(in)+rank(1), float *dz +intent(in)+rank(1), bool uniformDeltaX, bool uniformDeltaY, bool uniformDeltaZ, bool leftIsNeumann, bool rightIsNeumann, bool topIsNeumann, bool bottomIsNeumann, bool frontIsNeumann, bool backIsNeumann, float leftVal, float rightVal, float topVal, float bottomVal, float frontVal, float backVal, bool isStaggered, bool thomas)
C c void solveEigenDecomp_d(size_t solverHandle, double *x +intent(out)+rank(1), double *b +intent(in)+rank(1))
C f void solveEigenDecomp_d(size_t solverHandle, double *x +intent(out)+rank(1), double *b +intent(in)+rank(1))
C c void solveEigenDecomp_s(size_t solverHandle, float *x +intent(out)+rank(1), float *b +intent(in)+rank(1))
C f void solveEigenDecomp_s(size_t solverHandle, float *x +intent(out)+rank(1), float *b +intent(in)+rank(1))
C c void finalizeEigenDecomp_d(void)
C f void finalizeEigenDecomp_d(void)
C c void finalizeEigenDecomp_s(void)
C f void finalizeEigenDecomp_s(void)
Close wrapEigenBCGSolver_eigen.h
Close wrapEigenBCGSolver_eigen.cpp
library Fortran wrappers
namespace EigenBCGSolver
namespace ImEq
Fortran void initImmersedEq_d_i32(size_t gridHeight, size_t gridWidth, size_t gridDepth, bool leftIsNeumann, bool rightIsNeumann, bool topIsNeumann, bool bottomIsNeumann, bool frontIsNeumann, bool backIsNeumann, double leftVal, double rightVal, double topVal, double bottomVal, double frontVal, double backVal, bool isStaggered, size_t fSize +implied(size(f)), size_t nnzMaxB, double *p +intent(in)+rank(1), double *f +intent(in)+rank(1), double *dx +intent(in)+rank(1), double *dy +intent(in)+rank(1), double *dz +intent(in)+rank(1), double dt, bool uniformDeltaX, bool uniformDeltaY, bool uniformDeltaZ, double tolerance, size_t maxBCGIterations)
Fortran void initImmersedEq_s_i32(size_t gridHeight, size_t gridWidth, size_t gridDepth, bool leftIsNeumann, bool rightIsNeumann, bool topIsNeumann, bool bottomIsNeumann, bool frontIsNeumann, bool backIsNeumann, double leftVal, double rightVal, double topVal, double bottomVal, double frontVal, double backVal, bool isStaggered, size_t fSize +implied(size(f)), size_t nnzMaxB, float *p +intent(in)+rank(1), float *f +intent(in)+rank(1), float *dx +intent(in)+rank(1), float *dy +intent(in)+rank(1), float *dz +intent(in)+rank(1), double dt, bool uniformDeltaX, bool uniformDeltaY, bool uniformDeltaZ, double tolerance, size_t maxBCGIterations)
Fortran void initImmersedEq_d_i64(size_t gridHeight, size_t gridWidth, size_t gridDepth, bool leftIsNeumann, bool rightIsNeumann, bool topIsNeumann, bool bottomIsNeumann, bool frontIsNeumann, bool backIsNeumann, double leftVal, double rightVal, double topVal, double bottomVal, double frontVal, double backVal, bool isStaggered, size_t fSize +implied(size(f)), size_t nnzMaxB, double *p +intent(in)+rank(1), double *f +intent(in)+rank(1), double *dx +intent(in)+rank(1), double *dy +intent(in)+rank(1), double *dz +intent(in)+rank(1), double dt, bool uniformDeltaX, bool uniformDeltaY, bool uniformDeltaZ, double tolerance, size_t maxBCGIterations)
Fortran void initImmersedEq_s_i64(size_t gridHeight, size_t gridWidth, size_t gridDepth, bool leftIsNeumann, bool rightIsNeumann, bool topIsNeumann, bool bottomIsNeumann, bool frontIsNeumann, bool backIsNeumann, double leftVal, double rightVal, double topVal, double bottomVal, double frontVal, double backVal, bool isStaggered, size_t fSize +implied(size(f)), size_t nnzMaxB, float *p +intent(in)+rank(1), float *f +intent(in)+rank(1), float *dx +intent(in)+rank(1), float *dy +intent(in)+rank(1), float *dz +intent(in)+rank(1), double dt, bool uniformDeltaX, bool uniformDeltaY, bool uniformDeltaZ, double tolerance, size_t maxBCGIterations)
Fortran void solveImmersedEq_d_i32(double *result +intent(out)+rank(1), size_t nnzB, int32_t *rowOffsetsB +intent(in)+rank(1), int32_t *colIndsB +intent(in)+rank(1), double *valuesB +intent(in)+rank(1))
Fortran void solveImmersedEq_s_i32(float *result +intent(out)+rank(1), size_t nnzB, int32_t *rowOffsetsB +intent(in)+rank(1), int32_t *colIndsB +intent(in)+rank(1), float *valuesB +intent(in)+rank(1))
Fortran void solveImmersedEq_d_i64(double *result +intent(out)+rank(1), size_t nnzB, int64_t *rowOffsetsB +intent(in)+rank(1), int64_t *colIndsB +intent(in)+rank(1), double *valuesB +intent(in)+rank(1))
Fortran void solveImmersedEq_s_i64(float *result +intent(out)+rank(1), size_t nnzB, int64_t *rowOffsetsB +intent(in)+rank(1), int64_t *colIndsB +intent(in)+rank(1), float *valuesB +intent(in)+rank(1))
Fortran void solveImmersedEqPrimes_d_i32(double *resultPPrime +intent(out)+rank(1), double *resultFPrime +intent(out)+rank(1), size_t nnzB, int32_t *rowOffsetsB +intent(in)+rank(1), int32_t *colIndsB +intent(in)+rank(1), double *valuesB +intent(in)+rank(1), size_t nnzR, int32_t *colOffsetsR +intent(in)+rank(1), int32_t *rowIndsR +intent(in)+rank(1), double *valuesR +intent(in)+rank(1), double *UGamma +intent(in)+rank(1), double *uStar +intent(in)+rank(1))
Fortran void solveImmersedEqPrimes_s_i32(float *resultPPrime +intent(out)+rank(1), float *resultFPrime +intent(out)+rank(1), size_t nnzB, int32_t *rowOffsetsB +intent(in)+rank(1), int32_t *colIndsB +intent(in)+rank(1), float *valuesB +intent(in)+rank(1), size_t nnzR, int32_t *colOffsetsR +intent(in)+rank(1), int32_t *rowIndsR +intent(in)+rank(1), float *valuesR +intent(in)+rank(1), float *UGamma +intent(in)+rank(1), float *uStar +intent(in)+rank(1))
Fortran void solveImmersedEqPrimes_d_i64(double *resultPPrime +intent(out)+rank(1), double *resultFPrime +intent(out)+rank(1), size_t nnzB, int64_t *rowOffsetsB +intent(in)+rank(1), int64_t *colIndsB +intent(in)+rank(1), double *valuesB +intent(in)+rank(1), size_t nnzR, int64_t *colOffsetsR +intent(in)+rank(1), int64_t *rowIndsR +intent(in)+rank(1), double *valuesR +intent(in)+rank(1), double *UGamma +intent(in)+rank(1), double *uStar +intent(in)+rank(1))
Fortran void solveImmersedEqPrimes_s_i64(float *resultPPrime +intent(out)+rank(1), float *resultFPrime +intent(out)+rank(1), size_t nnzB, int64_t *rowOffsetsB +intent(in)+rank(1), int64_t *colIndsB +intent(in)+rank(1), float *valuesB +intent(in)+rank(1), size_t nnzR, int64_t *colOffsetsR +intent(in)+rank(1), int64_t *rowIndsR +intent(in)+rank(1), float *valuesR +intent(in)+rank(1), float *UGamma +intent(in)+rank(1), float *uStar +intent(in)+rank(1))
Fortran void finalizeImmersedEq_d_i32(void)
Fortran void finalizeImmersedEq_s_i32(void)
Fortran void finalizeImmersedEq_d_i64(void)
Fortran void finalizeImmersedEq_s_i64(void)
C-interface f void initImmersedEq_d_i32(size_t gridHeight, size_t gridWidth, size_t gridDepth, bool leftIsNeumann, bool rightIsNeumann, bool topIsNeumann, bool bottomIsNeumann, bool frontIsNeumann, bool backIsNeumann, double leftVal, double rightVal, double topVal, double bottomVal, double frontVal, double backVal, bool isStaggered, size_t fSize +implied(size(f)), size_t nnzMaxB, double *p +intent(in)+rank(1), double *f +intent(in)+rank(1), double *dx +intent(in)+rank(1), double *dy +intent(in)+rank(1), double *dz +intent(in)+rank(1), double dt, bool uniformDeltaX, bool uniformDeltaY, bool uniformDeltaZ, double tolerance, size_t maxBCGIterations)
C-interface f void initImmersedEq_s_i32(size_t gridHeight, size_t gridWidth, size_t gridDepth, bool leftIsNeumann, bool rightIsNeumann, bool topIsNeumann, bool bottomIsNeumann, bool frontIsNeumann, bool backIsNeumann, double leftVal, double rightVal, double topVal, double bottomVal, double frontVal, double backVal, bool isStaggered, size_t fSize +implied(size(f)), size_t nnzMaxB, float *p +intent(in)+rank(1), float *f +intent(in)+rank(1), float *dx +intent(in)+rank(1), float *dy +intent(in)+rank(1), float *dz +intent(in)+rank(1), double dt, bool uniformDeltaX, bool uniformDeltaY, bool uniformDeltaZ, double tolerance, size_t maxBCGIterations)
C-interface f void initImmersedEq_d_i64(size_t gridHeight, size_t gridWidth, size_t gridDepth, bool leftIsNeumann, bool rightIsNeumann, bool topIsNeumann, bool bottomIsNeumann, bool frontIsNeumann, bool backIsNeumann, double leftVal, double rightVal, double topVal, double bottomVal, double frontVal, double backVal, bool isStaggered, size_t fSize +implied(size(f)), size_t nnzMaxB, double *p +intent(in)+rank(1), double *f +intent(in)+rank(1), double *dx +intent(in)+rank(1), double *dy +intent(in)+rank(1), double *dz +intent(in)+rank(1), double dt, bool uniformDeltaX, bool uniformDeltaY, bool uniformDeltaZ, double tolerance, size_t maxBCGIterations)
C-interface f void initImmersedEq_s_i64(size_t gridHeight, size_t gridWidth, size_t gridDepth, bool leftIsNeumann, bool rightIsNeumann, bool topIsNeumann, bool bottomIsNeumann, bool frontIsNeumann, bool backIsNeumann, double leftVal, double rightVal, double topVal, double bottomVal, double frontVal, double backVal, bool isStaggered, size_t fSize +implied(size(f)), size_t nnzMaxB, float *p +intent(in)+rank(1), float *f +intent(in)+rank(1), float *dx +intent(in)+rank(1), float *dy +intent(in)+rank(1), float *dz +intent(in)+rank(1), double dt, bool uniformDeltaX, bool uniformDeltaY, bool uniformDeltaZ, double tolerance, size_t maxBCGIterations)
C-interface f void solveImmersedEq_d_i32(double *result +intent(out)+rank(1), size_t nnzB, int32_t *rowOffsetsB +intent(in)+rank(1), int32_t *colIndsB +intent(in)+rank(1), double *valuesB +intent(in)+rank(1))
C-interface f void solveImmersedEq_s_i32(float *result +intent(out)+rank(1), size_t nnzB, int32_t *rowOffsetsB +intent(in)+rank(1), int32_t *colIndsB +intent(in)+rank(1), float *valuesB +intent(in)+rank(1))
C-interface f void solveImmersedEq_d_i64(double *result +intent(out)+rank(1), size_t nnzB, int64_t *rowOffsetsB +intent(in)+rank(1), int64_t *colIndsB +intent(in)+rank(1), double *valuesB +intent(in)+rank(1))
C-interface f void solveImmersedEq_s_i64(float *result +intent(out)+rank(1), size_t nnzB, int64_t *rowOffsetsB +intent(in)+rank(1), int64_t *colIndsB +intent(in)+rank(1), float *valuesB +intent(in)+rank(1))
C-interface f void solveImmersedEqPrimes_d_i32(double *resultPPrime +intent(out)+rank(1), double *resultFPrime +intent(out)+rank(1), size_t nnzB, int32_t *rowOffsetsB +intent(in)+rank(1), int32_t *colIndsB +intent(in)+rank(1), double *valuesB +intent(in)+rank(1), size_t nnzR, int32_t *colOffsetsR +intent(in)+rank(1), int32_t *rowIndsR +intent(in)+rank(1), double *valuesR +intent(in)+rank(1), double *UGamma +intent(in)+rank(1), double *uStar +intent(in)+rank(1))
C-interface f void solveImmersedEqPrimes_s_i32(float *resultPPrime +intent(out)+rank(1), float *resultFPrime +intent(out)+rank(1), size_t nnzB, int32_t *rowOffsetsB +intent(in)+rank(1), int32_t *colIndsB +intent(in)+rank(1), float *valuesB +intent(in)+rank(1), size_t nnzR, int32_t *colOffsetsR +intent(in)+rank(1), int32_t *rowIndsR +intent(in)+rank(1), float *valuesR +intent(in)+rank(1), float *UGamma +intent(in)+rank(1), float *uStar +intent(in)+rank(1))
C-interface f void solveImmersedEqPrimes_d_i64(double *resultPPrime +intent(out)+rank(1), double *resultFPrime +intent(out)+rank(1), size_t nnzB, int64_t *rowOffsetsB +intent(in)+rank(1), int64_t *colIndsB +intent(in)+rank(1), double *valuesB +intent(in)+rank(1), size_t nnzR, int64_t *colOffsetsR +intent(in)+rank(1), int64_t *rowIndsR +intent(in)+rank(1), double *valuesR +intent(in)+rank(1), double *UGamma +intent(in)+rank(1), double *uStar +intent(in)+rank(1))
C-interface f void solveImmersedEqPrimes_s_i64(float *resultPPrime +intent(out)+rank(1), float *resultFPrime +intent(out)+rank(1), size_t nnzB, int64_t *rowOffsetsB +intent(in)+rank(1), int64_t *colIndsB +intent(in)+rank(1), float *valuesB +intent(in)+rank(1), size_t nnzR, int64_t *colOffsetsR +intent(in)+rank(1), int64_t *rowIndsR +intent(in)+rank(1), float *valuesR +intent(in)+rank(1), float *UGamma +intent(in)+rank(1), float *uStar +intent(in)+rank(1))
C-interface f void finalizeImmersedEq_d_i32(void)
C-interface f void finalizeImmersedEq_s_i32(void)
C-interface f void finalizeImmersedEq_d_i64(void)
C-interface f void finalizeImmersedEq_s_i64(void)
Close wrapfEigenBCGSolver_ImEq.f
namespace eigen
Fortran size_t initEigenDecomp_d(size_t rows, size_t cols, size_t layers, double *dx +intent(in)+rank(1), double *dy +intent(in)+rank(1), double *dz +intent(in)+rank(1), bool uniformDeltaX, bool uniformDeltaY, bool uniformDeltaZ, bool leftIsNeumann, bool rightIsNeumann, bool topIsNeumann, bool bottomIsNeumann, bool frontIsNeumann, bool backIsNeumann, double leftVal, double rightVal, double topVal, double bottomVal, double frontVal, double backVal, bool isStaggered, bool thomas)
Fortran size_t initEigenDecomp_s(size_t rows, size_t cols, size_t layers, float *dx +intent(in)+rank(1), float *dy +intent(in)+rank(1), float *dz +intent(in)+rank(1), bool uniformDeltaX, bool uniformDeltaY, bool uniformDeltaZ, bool leftIsNeumann, bool rightIsNeumann, bool topIsNeumann, bool bottomIsNeumann, bool frontIsNeumann, bool backIsNeumann, float leftVal, float rightVal, float topVal, float bottomVal, float frontVal, float backVal, bool isStaggered, bool thomas)
Fortran void solveEigenDecomp_d(size_t solverHandle, double *x +intent(out)+rank(1), double *b +intent(in)+rank(1))
Fortran void solveEigenDecomp_s(size_t solverHandle, float *x +intent(out)+rank(1), float *b +intent(in)+rank(1))
Fortran void finalizeEigenDecomp_d(void)
Fortran void finalizeEigenDecomp_s(void)
C-interface f size_t initEigenDecomp_d(size_t rows, size_t cols, size_t layers, double *dx +intent(in)+rank(1), double *dy +intent(in)+rank(1), double *dz +intent(in)+rank(1), bool uniformDeltaX, bool uniformDeltaY, bool uniformDeltaZ, bool leftIsNeumann, bool rightIsNeumann, bool topIsNeumann, bool bottomIsNeumann, bool frontIsNeumann, bool backIsNeumann, double leftVal, double rightVal, double topVal, double bottomVal, double frontVal, double backVal, bool isStaggered, bool thomas)
C-interface f size_t initEigenDecomp_s(size_t rows, size_t cols, size_t layers, float *dx +intent(in)+rank(1), float *dy +intent(in)+rank(1), float *dz +intent(in)+rank(1), bool uniformDeltaX, bool uniformDeltaY, bool uniformDeltaZ, bool leftIsNeumann, bool rightIsNeumann, bool topIsNeumann, bool bottomIsNeumann, bool frontIsNeumann, bool backIsNeumann, float leftVal, float rightVal, float topVal, float bottomVal, float frontVal, float backVal, bool isStaggered, bool thomas)
C-interface f void solveEigenDecomp_d(size_t solverHandle, double *x +intent(out)+rank(1), double *b +intent(in)+rank(1))
C-interface f void solveEigenDecomp_s(size_t solverHandle, float *x +intent(out)+rank(1), float *b +intent(in)+rank(1))
C-interface f void finalizeEigenDecomp_d(void)
C-interface f void finalizeEigenDecomp_s(void)
Close wrapfEigenBCGSolver_eigen.f
Close wrapfeigenbcgsolver.f
Close utilEigenBCGSolver.cpp
Close typesEigenBCGSolver.h
